// Jest Snapshot v1, https://goo.gl/fbAQLP

exports[`SocialLoginButton should match snapshot 1`] = `
<button
  class="rounded-full border py-2 px-6 flex items-center google"
>
  <icongoogle
    class="w-6 mr-2"
  />
  
  asdf

</button>
`;
