// Jest Snapshot v1, https://goo.gl/fbAQLP

exports[`BaseLink should match snapshot 1`] = `
<a
  class="bg-blue-200 p-2 rounded"
  href="https://davidsabalete.com"
>
  
  Go to the web

</a>
`;
